=== TYPE CONVERSIONS ===
3
42
10
255
1
0
42.000000
3.140000
1.000000
true
false
true
false
42
3.140000
true
=== NUMERIC FUNCTIONS ===
10
3.140000
5
1
2.500000
8
4.000000
3.140000
3.000000
8
1024
4.000000
1.414214
3
3
4
4
=== ALL TESTS PASSED ===

