=== List Iteration ===
10
20
30
=== Dict Iteration ===
age
name
=== String Iteration ===
S
K
Y
=== Done ===

