=== Basic Class Test ===
Animal
Generic
Age:
5
=== Inheritance Test ===
Woof! I am
Buddy
Dog age:
3
Wagging tail!
=== Done ===

