=== Unsafe Block Test ===
Before unsafe:
10
Inside unsafe:
99
After unsafe:
99
=== Done ===

