Fibonacci with VM (No Stack Overflow!)
55
610
6765
75025
832040
Success!
