=== Multiple Async Test ===
Waiting...
User ID:
200
User name:
Alice
Waiting...
Final result:
100
=== Test Complete ===

