=== Import Test ===
5 + 3 =
8
4 * 7 =
28
6^2 =
36
=== Done ===

