=== List Type Test ===
5
1
5
=== Dict Type Test ===
Alice
30
=== Nested Types Test ===
1
4
5
=== Function Type Test ===
30
=== Done ===

