=== Pointer Type Syntax Test ===
Pointer type annotation works!
Value passed:
42
Pointer type in function signature:
42
=== Note ===
Pointer syntax supported in type annotations
Full pointer ops require unsafe blocks + LLVM
=== Done ===

