=== Break Test ===
0
1
2
3
4
=== Continue Test ===
1
2
4
5
6
8
9
10
=== Done ===

