=== STRING METHODS ===
HELLO WORLD
hello
Alice
3
b
x-y-z
hello SKY
hello
true
true
2
2
=== LIST METHODS ===
4
4
3
99
3
3
5
7
4
=== DICT METHODS ===
3
3
10
DEFAULT
20
2
3
0
=== ALL TESTS PASSED ===

